I'm sorry, but errors were detected in your script. Please correct the
errors listed below, and try again.


File "game/script.rpy", line 83: expected ':' not found.
    label serine
                ^

File "game/script.rpy", line 85: expected ':' not found.
    label phosphoenolpyruvate
                             ^

Ren'Py Version: Ren'Py 8.0.3.22090809
Tue Mar 28 15:42:04 2023
